ctx_target ctx_actual  depth  found     code                    got     sec
------------------------------------------------------------------------------
      4000       4162    0.1    YES   915965                 915965     4.3
      4000       4130    0.5    YES   717992                 717992     3.4
      4000       4159    0.9    YES   207949                 207949     3.3
     16000      16675    0.1    YES   999783                 999783     4.3
     16000      16591    0.5    YES   780034                 780034     5.6
     16000      16621    0.9    YES   165394                 165394     4.1
     64000      67000    0.1    YES   607646                 607646     9.8
     64000      66994    0.5    YES   347519                 347519     9.8
     64000      67015    0.9    YES   660159                 660159     9.4
    118000     123898    0.1    YES   334230                 334230    16.2
    118000     123882    0.5    YES   845782                 845782    16.1
    118000     123639    0.9    YES   262524                 262524    15.6

==============================================================================
RETRIEVAL ACCURACY BY CONTEXT LENGTH
  ~   4000 tokens : 3/3  [###]
  ~  16000 tokens : 3/3  [###]
  ~  64000 tokens : 3/3  [###]
  ~ 118000 tokens : 3/3  [###]

  OVERALL: 12/12

  >>> All needles retrieved on this build.
